

<img src="/typo3temp/_processed_/1/7/csm_logo_5c403fcac1.png" width="536" height="200" alt="" />